<area shape="rect" href="$objectfactory_8h.html" title="votca/tools/objectfactory.h" alt="" coords="84,752,257,779">
<area shape="rect" href="$qmcalculator_8h.html" title="qmcalculator.h" alt="" coords="879,80,983,107">
<area shape="rect" href="$qmtopology_8h.html" title="qmtopology.h" alt="" coords="1717,155,1816,181">
<area shape="rect" href="$topology_8h.html" title="votca/csg/topology.h" alt="" coords="1040,528,1181,555">
<area shape="rect" href="$nblist_8h.html" title="votca/csg/nblist.h" alt="" coords="123,379,245,405">
<area shape="rect" href="$crgunittype_8h.html" title="votca/moo/crgunittype.h" alt="" coords="2315,528,2477,555">
<area shape="rect" href="$units_8h.html" title="units.h" alt="" coords="1996,677,2055,704">
<area shape="rect" href="$qmcrgunit_8h.html" title="qmcrgunit.h" alt="" coords="1500,379,1588,405">
<area shape="rect" href="$jcalc_8h.html" title="votca/moo/jcalc.h" alt="" coords="2201,379,2324,405">
<area shape="rect" href="$qmbead_8h.html" title="qmbead.h" alt="" coords="1844,304,1921,331">
<area shape="rect" href="$qmnblist_8h.html" title="qmnblist.h" alt="" coords="1535,229,1615,256">
<area shape="rect" href="$types_8h.html" title="votca/tools/types.h" alt="" coords="1569,827,1700,853">
<area shape="rect" href="$vec_8h.html" title="votca/tools/vec.h" alt="" coords="1967,827,2087,853">
<area shape="rect" href="$matrix_8h.html" title="votca/tools/matrix.h" alt="" coords="1791,752,1927,779">
<area shape="rect" href="$exclusionlist_8h.html" title="exclusionlist.h" alt="" coords="433,752,537,779">
<area shape="rect" href="$bead_8h.html" title="bead.h" alt="" coords="1083,677,1141,704">
<area shape="rect" href="$beadtype_8h.html" title="beadtype.h" alt="" coords="964,752,1049,779">
<area shape="rect" href="$molecule_8h.html" title="molecule.h" alt="" coords="1108,603,1193,629">
<area shape="rect" href="$residue_8h.html" title="residue.h" alt="" coords="865,752,940,779">
<area shape="rect" href="$boundarycondition_8h.html" title="boundarycondition.h" alt="" coords="1583,677,1719,704">
<area shape="rect" href="$triclinicbox_8h.html" title="triclinicbox.h" alt="" coords="1369,603,1463,629">
<area shape="rect" href="$orthorhombicbox_8h.html" title="orthorhombicbox.h" alt="" coords="1487,603,1615,629">
<area shape="rect" href="$openbox_8h.html" title="openbox.h" alt="" coords="1639,603,1719,629">
<area shape="rect" href="$interaction_8h.html" title="interaction.h" alt="" coords="791,603,881,629">
<area shape="rect" href="$tokenizer_8h.html" title="tokenizer.h" alt="" coords="2567,901,2649,928">
<area shape="rect" href="$property_8h.html" title="votca/tools/property.h" alt="" coords="1620,752,1767,779">
<area shape="rect" href="$topologyitem_8h.html" title="topologyitem.h" alt="" coords="993,827,1100,853">
<area shape="rect" href="$beadlist_8h.html" title="beadlist.h" alt="" coords="396,453,473,480">
<area shape="rect" href="$beadpair_8h.html" title="beadpair.h" alt="" coords="93,453,173,480">
<area shape="rect" href="$pairlist_8h.html" title="pairlist.h" alt="" coords="227,528,296,555">
<area shape="rect" href="$mol__and__orb_8h.html" title="mol_and_orb.h" alt="" coords="2479,603,2585,629">
<area shape="rect" href="$orbitals_8h.html" title="orbitals.h" alt="" coords="2625,677,2700,704">
<area shape="rect" href="$customfields_8h.html" title="customfields.h" alt="" coords="1541,453,1648,480">
<area shape="rect" href="$crgunit_8h.html" title="votca/moo/crgunit.h" alt="" coords="1916,453,2052,480">
<area shape="rect" href="$fock_8h.html" title="fock.h" alt="" coords="2811,528,2867,555">
<area shape="rect" href="$qmpair_8h.html" title="qmpair.h" alt="" coords="1540,304,1609,331">
