<area shape="rect" href="$histogramnew_8cc.html" title="tools/src/libtools/histogramnew.cc" alt="" coords="5,80,221,107">
<area shape="rect" href="$template__serial_8cc.html" title="csg/share/template/template_serial.cc" alt="" coords="245,80,488,107">
<area shape="rect" href="$template__threaded_8cc.html" title="csg/share/template/template_threaded.cc" alt="" coords="512,80,773,107">
<area shape="rect" href="$csg__density_8cc.html" title="csg/src/tools/csg_density.cc" alt="" coords="797,80,984,107">
<area shape="rect" href="$csg__stat__imc_8h.html" title="csg/src/tools/csg_stat_imc.h" alt="" coords="1008,80,1197,107">
<area shape="rect" href="$ihistogram_8h.html" title="ctp/src/libctp/calculators/ihistogram.h" alt="" coords="1221,80,1459,107">
<area shape="rect" href="$ehistogram_8h.html" title="ctp/src/libctp/calculators/ehistogram.h" alt="" coords="1483,80,1725,107">
<area shape="rect" href="$ecorrelation_8h.html" title="ctp/src/libctp/calculators/ecorrelation.h" alt="" coords="1749,80,1995,107">
<area shape="rect" href="$csg__stat_8cc.html" title="csg/src/tools/csg_stat.cc" alt="" coords="916,155,1084,181">
<area shape="rect" href="$csg__stat__imc_8cc.html" title="csg/src/tools/csg_stat_imc.cc" alt="" coords="1108,155,1303,181">
<area shape="rect" href="$calculatorfactory_8cc.html" title="ctp/src/libctp/calculatorfactory.cc" alt="" coords="1497,155,1711,181">
<area shape="rect" href="$ecorrelation_8cc.html" title="ctp/src/libctp/calculators/ecorrelation.cc" alt="" coords="1747,155,1997,181">
