<area shape="rect" href="$kmccalculatorfactory_8h.html" title="votca/kmc/kmccalculatorfactory.h" alt="" coords="168,80,384,107">
<area shape="rect" href="$kmcsingle_8h.html" title="calculators/kmcsingle.h" alt="" coords="879,155,1039,181">
<area shape="rect" href="$diffusion_8h.html" title="calculators/diffusion.h" alt="" coords="1097,155,1244,181">
<area shape="rect" href="$objectfactory_8h.html" title="votca/tools/objectfactory.h" alt="" coords="5,229,179,256">
<area shape="rect" href="$kmccalculator_8h.html" title="kmccalculator.h" alt="" coords="220,155,332,181">
<area shape="rect" href="$property_8h.html" title="votca/tools/property.h" alt="" coords="203,229,349,256">
<area shape="rect" href="$lexical__cast_8h.html" title="lexical_cast.h" alt="" coords="571,379,672,405">
<area shape="rect" href="$vec_8h.html" title="vec.h" alt="" coords="1072,304,1125,331">
<area shape="rect" href="$tokenizer_8h.html" title="tokenizer.h" alt="" coords="1088,379,1171,405">
<area shape="rect" href="$vssmgroup_8h.html" title="votca/kmc/vssmgroup.h" alt="" coords="1208,229,1368,256">
<area shape="rect" href="$database_8h.html" title="votca/tools/database.h" alt="" coords="741,229,896,256">
<area shape="rect" href="$statement_8h.html" title="statement.h" alt="" coords="603,304,693,331">
<area shape="rect" href="$globals_8h.html" title="votca/tools/globals.h" alt="" coords="424,229,565,256">
<area shape="rect" href="$node_8h.html" title="node.h" alt="" coords="1072,229,1133,256">
<area shape="rect" href="$random_8h.html" title="votca/tools/random.h" alt="" coords="1283,304,1427,331">
<area shape="rect" href="$matrix_8h.html" title="votca/tools/matrix.h" alt="" coords="1544,229,1680,256">
<area shape="rect" href="$types_8h.html" title="types.h" alt="" coords="1552,304,1616,331">
