<area shape="rect" href="$qmtopology_8h.html" title="qmtopology.h" alt="" coords="1144,80,1243,107">
<area shape="rect" href="$topology_8h.html" title="votca/csg/topology.h" alt="" coords="1143,453,1284,480">
<area shape="rect" href="$nblist_8h.html" title="votca/csg/nblist.h" alt="" coords="232,304,355,331">
<area shape="rect" href="$crgunittype_8h.html" title="votca/moo/crgunittype.h" alt="" coords="2177,453,2340,480">
<area shape="rect" href="$units_8h.html" title="units.h" alt="" coords="2005,603,2064,629">
<area shape="rect" href="$qmcrgunit_8h.html" title="qmcrgunit.h" alt="" coords="585,304,673,331">
<area shape="rect" href="$jcalc_8h.html" title="votca/moo/jcalc.h" alt="" coords="2228,304,2351,331">
<area shape="rect" href="$qmbead_8h.html" title="qmbead.h" alt="" coords="1155,229,1232,256">
<area shape="rect" href="$qmnblist_8h.html" title="qmnblist.h" alt="" coords="547,155,627,181">
<area shape="rect" href="$types_8h.html" title="votca/tools/types.h" alt="" coords="1245,752,1376,779">
<area shape="rect" href="$vec_8h.html" title="votca/tools/vec.h" alt="" coords="2092,752,2212,779">
<area shape="rect" href="$matrix_8h.html" title="votca/tools/matrix.h" alt="" coords="1827,677,1963,704">
<area shape="rect" href="$exclusionlist_8h.html" title="exclusionlist.h" alt="" coords="480,677,584,704">
<area shape="rect" href="$bead_8h.html" title="bead.h" alt="" coords="1205,603,1264,629">
<area shape="rect" href="$beadtype_8h.html" title="beadtype.h" alt="" coords="1296,677,1381,704">
<area shape="rect" href="$molecule_8h.html" title="molecule.h" alt="" coords="1104,528,1189,555">
<area shape="rect" href="$residue_8h.html" title="residue.h" alt="" coords="1507,677,1581,704">
<area shape="rect" href="$boundarycondition_8h.html" title="boundarycondition.h" alt="" coords="1643,603,1779,629">
<area shape="rect" href="$triclinicbox_8h.html" title="triclinicbox.h" alt="" coords="1416,528,1509,555">
<area shape="rect" href="$orthorhombicbox_8h.html" title="orthorhombicbox.h" alt="" coords="1533,528,1661,555">
<area shape="rect" href="$openbox_8h.html" title="openbox.h" alt="" coords="1685,528,1765,555">
<area shape="rect" href="$interaction_8h.html" title="interaction.h" alt="" coords="787,528,877,555">
<area shape="rect" href="$tokenizer_8h.html" title="tokenizer.h" alt="" coords="2392,827,2475,853">
<area shape="rect" href="$property_8h.html" title="votca/tools/property.h" alt="" coords="1605,677,1752,704">
<area shape="rect" href="$topologyitem_8h.html" title="topologyitem.h" alt="" coords="1451,752,1557,779">
<area shape="rect" href="$beadlist_8h.html" title="beadlist.h" alt="" coords="255,379,332,405">
<area shape="rect" href="$beadpair_8h.html" title="beadpair.h" alt="" coords="5,379,85,405">
<area shape="rect" href="$pairlist_8h.html" title="pairlist.h" alt="" coords="329,453,399,480">
<area shape="rect" href="$mol__and__orb_8h.html" title="mol_and_orb.h" alt="" coords="2615,528,2721,555">
<area shape="rect" href="$orbitals_8h.html" title="orbitals.h" alt="" coords="2493,603,2568,629">
<area shape="rect" href="$customfields_8h.html" title="customfields.h" alt="" coords="489,379,596,405">
<area shape="rect" href="$crgunit_8h.html" title="votca/moo/crgunit.h" alt="" coords="1851,379,1987,405">
<area shape="rect" href="$fock_8h.html" title="fock.h" alt="" coords="2771,453,2827,480">
<area shape="rect" href="$qmpair_8h.html" title="qmpair.h" alt="" coords="552,229,621,256">
