<area shape="rect" href="$map_8h.html" title="map.h" alt="" coords="125,80,181,107">
<area shape="rect" href="$topology_8h.html" title="topology.h" alt="" coords="812,80,892,107">
<area shape="rect" href="$molecule_8h.html" title="molecule.h" alt="" coords="497,155,583,181">
<area shape="rect" href="$topologyitem_8h.html" title="topologyitem.h" alt="" coords="715,379,821,405">
<area shape="rect" href="$bead_8h.html" title="bead.h" alt="" coords="517,229,576,256">
<area shape="rect" href="$beadtype_8h.html" title="beadtype.h" alt="" coords="497,304,583,331">
<area shape="rect" href="$exclusionlist_8h.html" title="exclusionlist.h" alt="" coords="800,155,904,181">
<area shape="rect" href="$residue_8h.html" title="residue.h" alt="" coords="953,304,1028,331">
<area shape="rect" href="$boundarycondition_8h.html" title="boundarycondition.h" alt="" coords="1295,229,1431,256">
<area shape="rect" href="$triclinicbox_8h.html" title="triclinicbox.h" alt="" coords="1181,155,1275,181">
<area shape="rect" href="$orthorhombicbox_8h.html" title="orthorhombicbox.h" alt="" coords="1299,155,1427,181">
<area shape="rect" href="$openbox_8h.html" title="openbox.h" alt="" coords="1451,155,1531,181">
<area shape="rect" href="$interaction_8h.html" title="interaction.h" alt="" coords="383,155,473,181">
