<area shape="rect" href="$beadlist_8h.html" title="csg/include/beadlist.h" alt="" coords="409,80,556,107">
<area shape="rect" href="$beadlist_8cc.html" title="csg/src/libcsg/beadlist.cc" alt="" coords="5,155,173,181">
<area shape="rect" href="$interaction_8h.html" title="csg/include/interaction.h" alt="" coords="6071,80,6233,107">
<area shape="rect" href="$cgmoleculedef_8cc.html" title="csg/src/libcsg/cgmoleculedef.cc" alt="" coords="6620,155,6828,181">
<area shape="rect" href="$topology_8cc.html" title="csg/src/libcsg/topology.cc" alt="" coords="6852,155,7023,181">
<area shape="rect" href="$cgengine_8h.html" title="csg/include/cgengine.h" alt="" coords="1559,155,1713,181">
<area shape="rect" href="$topologymap_8h.html" title="csg/include/topologymap.h" alt="" coords="1433,80,1609,107">
<area shape="rect" href="$csgapplication_8h.html" title="csg/include/csgapplication.h" alt="" coords="1079,155,1263,181">
<area shape="rect" href="$cgobserver_8h.html" title="csg/include/cgobserver.h" alt="" coords="1235,80,1400,107">
<area shape="rect" href="$topologyreader_8h.html" title="csg/include/topologyreader.h" alt="" coords="4177,80,4364,107">
<area shape="rect" href="$pdbtopologyreader_8h.html" title="csg/src/libcsg/modules/io/pdbtopologyreader.h" alt="" coords="5273,155,5561,181">
<area shape="rect" href="$trajectorywriter_8h.html" title="csg/include/trajectorywriter.h" alt="" coords="5657,80,5844,107">
<area shape="rect" href="$gmxtrajectorywriter_8h.html" title="csg/src/libcsg/modules/io/gmxtrajectorywriter.h" alt="" coords="6047,155,6340,181">
<area shape="rect" href="$growriter_8h.html" title="csg/src/libcsg/modules/io/growriter.h" alt="" coords="6364,155,6596,181">
<area shape="rect" href="$pdbwriter_8h.html" title="csg/src/libcsg/modules/io/pdbwriter.h" alt="" coords="5788,155,6023,181">
<area shape="rect" href="$trajectoryreader_8h.html" title="csg/include/trajectoryreader.h" alt="" coords="2457,80,2649,107">
<area shape="rect" href="$gmxtrajectoryreader_8cc.html" title="csg/src/libcsg/modules/io/gmxtrajectoryreader.cc" alt="" coords="3615,229,3919,256">
<area shape="rect" href="$nematicorder_8h.html" title="csg/include/nematicorder.h" alt="" coords="1772,80,1948,107">
<area shape="rect" href="$nematicorder_8cc.html" title="csg/src/libcsg/nematicorder.cc" alt="" coords="1761,155,1959,181">
<area shape="rect" href="$exclusionlist_8cc.html" title="csg/src/libcsg/exclusionlist.cc" alt="" coords="6308,80,6503,107">
<area shape="rect" href="$map_8cc.html" title="csg/src/libcsg/map.cc" alt="" coords="6527,80,6676,107">
<area shape="rect" href="$nblist_8h.html" title="csg/include/nblist.h" alt="" coords="416,155,549,181">
<area shape="rect" href="$csg__fmatch_8cc.html" title="csg/src/tools/csg_fmatch.cc" alt="" coords="1361,304,1548,331">
<area shape="rect" href="$csg__stat__imc_8cc.html" title="csg/src/tools/csg_stat_imc.cc" alt="" coords="197,155,392,181">
<area shape="rect" href="$analysistool_8h.html" title="csg/src/csg_boltzmann/analysistool.h" alt="" coords="600,229,840,256">
<area shape="rect" href="$cgengine_8cc.html" title="csg/src/libcsg/cgengine.cc" alt="" coords="1744,229,1920,256">
<area shape="rect" href="$csgapplication_8cc.html" title="csg/src/libcsg/csgapplication.cc" alt="" coords="2161,229,2369,256">
<area shape="rect" href="$csg__stat_8cc.html" title="csg/src/tools/csg_stat.cc" alt="" coords="1552,229,1720,256">
<area shape="rect" href="$main_8cc.html" title="csg/src/csg_boltzmann/main.cc" alt="" coords="460,304,665,331">
<area shape="rect" href="$topologymap_8cc.html" title="csg/src/libcsg/topologymap.cc" alt="" coords="1287,155,1484,181">
<area shape="rect" href="$csg__density_8cc.html" title="csg/src/tools/csg_density.cc" alt="" coords="1139,229,1325,256">
<area shape="rect" href="$csg__dump_8cc.html" title="csg/src/tools/csg_dump.cc" alt="" coords="1349,229,1528,256">
<area shape="rect" href="$csg__fmatch_8h.html" title="csg/src/tools/csg_fmatch.h" alt="" coords="1944,229,2123,256">
<area shape="rect" href="$csg__gmxtopol_8cc.html" title="csg/src/tools/csg_gmxtopol.cc" alt="" coords="915,229,1115,256">
<area shape="rect" href="$csg__map_8cc.html" title="csg/src/tools/csg_map.cc" alt="" coords="2421,229,2592,256">
<area shape="rect" href="$bondedstatistics_8h.html" title="csg/src/csg_boltzmann/bondedstatistics.h" alt="" coords="573,155,840,181">
<area shape="rect" href="$esptopologyreader_8h.html" title="csg/src/libcsg/modules/io/esptopologyreader.h" alt="" coords="4649,155,4937,181">
<area shape="rect" href="$topologyreader_8cc.html" title="csg/src/libcsg/topologyreader.cc" alt="" coords="4599,229,4807,256">
<area shape="rect" href="$gmxtopologyreader_8h.html" title="csg/src/libcsg/modules/io/gmxtopologyreader.h" alt="" coords="3655,155,3948,181">
<area shape="rect" href="$grotopologyreader_8h.html" title="csg/src/libcsg/modules/io/grotopologyreader.h" alt="" coords="3972,155,4257,181">
<area shape="rect" href="$lammpsreader_8h.html" title="csg/src/libcsg/modules/io/lammpsreader.h" alt="" coords="3367,155,3631,181">
<area shape="rect" href="$mdptopologyreader_8h.html" title="csg/src/libcsg/modules/io/mdptopologyreader.h" alt="" coords="4281,155,4575,181">
<area shape="rect" href="$xmltopologyreader_8h.html" title="csg/src/libcsg/modules/io/xmltopologyreader.h" alt="" coords="4961,155,5249,181">
<area shape="rect" href="$csg__part__dist_8cc.html" title="csg/src/tools/csg_part_dist.cc" alt="" coords="3097,155,3292,181">
<area shape="rect" href="$trajectoryreader_8cc.html" title="csg/src/libcsg/trajectoryreader.cc" alt="" coords="2631,229,2844,256">
<area shape="rect" href="$trajectorywriter_8cc.html" title="csg/src/libcsg/trajectorywriter.cc" alt="" coords="5724,229,5932,256">
<area shape="rect" href="$esptrajectoryreader_8h.html" title="csg/src/libcsg/modules/io/esptrajectoryreader.h" alt="" coords="2407,155,2700,181">
<area shape="rect" href="$gmxtrajectoryreader_8h.html" title="csg/src/libcsg/modules/io/gmxtrajectoryreader.h" alt="" coords="2775,155,3073,181">
<area shape="rect" href="$mdptrajectoryreader_8h.html" title="csg/src/libcsg/modules/io/mdptrajectoryreader.h" alt="" coords="2033,155,2332,181">
